
> natwar-portfolio@0.1.0 build
> next build

▲ Next.js 16.2.4 (Turbopack)

  Creating an optimized production build ...

> Build error occurred
Error: Turbopack build failed with 13 errors:
./components/sections/Hero.tsx:6:1
Export Github doesn't exist in target module
  [90m4 |[0m [36mimport[0m { motion } [36mfrom[0m [32m"framer-motion"[0m;
  [90m5 |[0m [36mimport[0m { [33mScene[0m } [36mfrom[0m [32m"@/components/ui/Scene"[0m;
[31m[1m>[0m [90m6 |[0m [36mimport[0m { [33mGithub[0m, [33mLinkedin[0m, [33mTwitter[0m, [33mDownload[0m } [36mfrom[0m [32m"lucide-react"[0m;
  [90m  |[0m [31m[1m^^^^^^^^^^^^^^^^^^^^^^^^^^^^^^^^^^^^^^^^^^^^^^^^^^^^^^^^^^^^^^^^^^^[0m
  [90m7 |[0m
  [90m8 |[0m [36mconst[0m titles = [[32m"Frontend Developer"[0m, [32m"React Specialist"[0m, [32m"UI Engineer"[0m];
  [90m9 |[0m

The export Github was not found in module [project]/node_modules/lucide-react/dist/esm/lucide-react.mjs [app-client] (ecmascript).
Did you mean to import Gift?
All exports of the module are statically known (It doesn't have dynamic exports). So it's known statically that the requested export doesn't exist.

Import trace:
  Server Component:
    ./components/sections/Hero.tsx
    ./app/page.tsx


./components/sections/Hero.tsx:6:1
Export Github doesn't exist in target module
  [90m4 |[0m [36mimport[0m { motion } [36mfrom[0m [32m"framer-motion"[0m;
  [90m5 |[0m [36mimport[0m { [33mScene[0m } [36mfrom[0m [32m"@/components/ui/Scene"[0m;
[31m[1m>[0m [90m6 |[0m [36mimport[0m { [33mGithub[0m, [33mLinkedin[0m, [33mTwitter[0m, [33mDownload[0m } [36mfrom[0m [32m"lucide-react"[0m;
  [90m  |[0m [31m[1m^^^^^^^^^^^^^^^^^^^^^^^^^^^^^^^^^^^^^^^^^^^^^^^^^^^^^^^^^^^^^^^^^^^[0m
  [90m7 |[0m
  [90m8 |[0m [36mconst[0m titles = [[32m"Frontend Developer"[0m, [32m"React Specialist"[0m, [32m"UI Engineer"[0m];
  [90m9 |[0m

The export Github was not found in module [project]/node_modules/lucide-react/dist/esm/lucide-react.mjs [app-ssr] (ecmascript).
Did you mean to import Gift?
All exports of the module are statically known (It doesn't have dynamic exports). So it's known statically that the requested export doesn't exist.

Import trace:
  Server Component:
    ./components/sections/Hero.tsx
    ./app/page.tsx


./components/sections/Projects.tsx:6:1
Export Github doesn't exist in target module
  [90m4 |[0m [36mimport[0m { motion, useMotionValue, useSpring, useTransform } [36mfrom[0m [32m"framer-motion"[0m;
  [90m5 |[0m [36mimport[0m { [33mSectionHeading[0m } [36mfrom[0m [32m"@/components/ui/SectionHeading"[0m;
[31m[1m>[0m [90m6 |[0m [36mimport[0m { [33mGithub[0m, [33mExternalLink[0m } [36mfrom[0m [32m"lucide-react"[0m;
  [90m  |[0m [31m[1m^^^^^^^^^^^^^^^^^^^^^^^^^^^^^^^^^^^^^^^^^^^^^^^^^^^^[0m
  [90m7 |[0m
  [90m8 |[0m [36minterface[0m [33mProject[0m {
  [90m9 |[0m   title: string;

The export Github was not found in module [project]/node_modules/lucide-react/dist/esm/lucide-react.mjs [app-client] (ecmascript).
Did you mean to import Gift?
All exports of the module are statically known (It doesn't have dynamic exports). So it's known statically that the requested export doesn't exist.

Import trace:
  Server Component:
    ./components/sections/Projects.tsx
    ./app/page.tsx


./components/sections/Projects.tsx:6:1
Export Github doesn't exist in target module
  [90m4 |[0m [36mimport[0m { motion, useMotionValue, useSpring, useTransform } [36mfrom[0m [32m"framer-motion"[0m;
  [90m5 |[0m [36mimport[0m { [33mSectionHeading[0m } [36mfrom[0m [32m"@/components/ui/SectionHeading"[0m;
[31m[1m>[0m [90m6 |[0m [36mimport[0m { [33mGithub[0m, [33mExternalLink[0m } [36mfrom[0m [32m"lucide-react"[0m;
  [90m  |[0m [31m[1m^^^^^^^^^^^^^^^^^^^^^^^^^^^^^^^^^^^^^^^^^^^^^^^^^^^^[0m
  [90m7 |[0m
  [90m8 |[0m [36minterface[0m [33mProject[0m {
  [90m9 |[0m   title: string;

The export Github was not found in module [project]/node_modules/lucide-react/dist/esm/lucide-react.mjs [app-ssr] (ecmascript).
Did you mean to import Gift?
All exports of the module are statically known (It doesn't have dynamic exports). So it's known statically that the requested export doesn't exist.

Import trace:
  Server Component:
    ./components/sections/Projects.tsx
    ./app/page.tsx


./components/ui/Footer.tsx:1:1
Export Github doesn't exist in target module
[31m[1m>[0m [90m1 |[0m [36mimport[0m { [33mGithub[0m, [33mLinkedin[0m, [33mTwitter[0m, [33mMail[0m } [36mfrom[0m [32m"lucide-react"[0m;
  [90m  |[0m [31m[1m^^^^^^^^^^^^^^^^^^^^^^^^^^^^^^^^^^^^^^^^^^^^^^^^^^^^^^^^^^^^^^^[0m
  [90m2 |[0m
  [90m3 |[0m [36mexport[0m [36mfunction[0m [33mFooter[0m() {
  [90m4 |[0m   [36mconst[0m currentYear = [36mnew[0m [33mDate[0m().getFullYear();

The export Github was not found in module [project]/node_modules/lucide-react/dist/esm/lucide-react.mjs [app-rsc] (ecmascript).
Did you mean to import Gift?
All exports of the module are statically known (It doesn't have dynamic exports). So it's known statically that the requested export doesn't exist.

Import trace:
  Server Component:
    ./components/ui/Footer.tsx
    ./app/page.tsx


./components/sections/Hero.tsx:6:1
Export Linkedin doesn't exist in target module
  [90m4 |[0m [36mimport[0m { motion } [36mfrom[0m [32m"framer-motion"[0m;
  [90m5 |[0m [36mimport[0m { [33mScene[0m } [36mfrom[0m [32m"@/components/ui/Scene"[0m;
[31m[1m>[0m [90m6 |[0m [36mimport[0m { [33mGithub[0m, [33mLinkedin[0m, [33mTwitter[0m, [33mDownload[0m } [36mfrom[0m [32m"lucide-react"[0m;
  [90m  |[0m [31m[1m^^^^^^^^^^^^^^^^^^^^^^^^^^^^^^^^^^^^^^^^^^^^^^^^^^^^^^^^^^^^^^^^^^^[0m
  [90m7 |[0m
  [90m8 |[0m [36mconst[0m titles = [[32m"Frontend Developer"[0m, [32m"React Specialist"[0m, [32m"UI Engineer"[0m];
  [90m9 |[0m

The export Linkedin was not found in module [project]/node_modules/lucide-react/dist/esm/lucide-react.mjs [app-client] (ecmascript).
Did you mean to import Link?
All exports of the module are statically known (It doesn't have dynamic exports). So it's known statically that the requested export doesn't exist.

Import trace:
  Server Component:
    ./components/sections/Hero.tsx
    ./app/page.tsx


./components/sections/Hero.tsx:6:1
Export Linkedin doesn't exist in target module
  [90m4 |[0m [36mimport[0m { motion } [36mfrom[0m [32m"framer-motion"[0m;
  [90m5 |[0m [36mimport[0m { [33mScene[0m } [36mfrom[0m [32m"@/components/ui/Scene"[0m;
[31m[1m>[0m [90m6 |[0m [36mimport[0m { [33mGithub[0m, [33mLinkedin[0m, [33mTwitter[0m, [33mDownload[0m } [36mfrom[0m [32m"lucide-react"[0m;
  [90m  |[0m [31m[1m^^^^^^^^^^^^^^^^^^^^^^^^^^^^^^^^^^^^^^^^^^^^^^^^^^^^^^^^^^^^^^^^^^^[0m
  [90m7 |[0m
  [90m8 |[0m [36mconst[0m titles = [[32m"Frontend Developer"[0m, [32m"React Specialist"[0m, [32m"UI Engineer"[0m];
  [90m9 |[0m

The export Linkedin was not found in module [project]/node_modules/lucide-react/dist/esm/lucide-react.mjs [app-ssr] (ecmascript).
Did you mean to import Link?
All exports of the module are statically known (It doesn't have dynamic exports). So it's known statically that the requested export doesn't exist.

Import trace:
  Server Component:
    ./components/sections/Hero.tsx
    ./app/page.tsx


./components/ui/Footer.tsx:1:1
Export Linkedin doesn't exist in target module
[31m[1m>[0m [90m1 |[0m [36mimport[0m { [33mGithub[0m, [33mLinkedin[0m, [33mTwitter[0m, [33mMail[0m } [36mfrom[0m [32m"lucide-react"[0m;
  [90m  |[0m [31m[1m^^^^^^^^^^^^^^^^^^^^^^^^^^^^^^^^^^^^^^^^^^^^^^^^^^^^^^^^^^^^^^^[0m
  [90m2 |[0m
  [90m3 |[0m [36mexport[0m [36mfunction[0m [33mFooter[0m() {
  [90m4 |[0m   [36mconst[0m currentYear = [36mnew[0m [33mDate[0m().getFullYear();

The export Linkedin was not found in module [project]/node_modules/lucide-react/dist/esm/lucide-react.mjs [app-rsc] (ecmascript).
Did you mean to import Link?
All exports of the module are statically known (It doesn't have dynamic exports). So it's known statically that the requested export doesn't exist.

Import trace:
  Server Component:
    ./components/ui/Footer.tsx
    ./app/page.tsx


./components/sections/Skills.tsx:5:1
Export Paintbucket doesn't exist in target module
  [90m 3 |[0m [36mimport[0m { motion } [36mfrom[0m [32m"framer-motion"[0m;
  [90m 4 |[0m [36mimport[0m { [33mSectionHeading[0m } [36mfrom[0m [32m"@/components/ui/SectionHeading"[0m;
[31m[1m>[0m [90m 5 |[0m [36mimport[0m { 
  [90m   |[0m [31m[1m^^^^^^^^[0m
[31m[1m>[0m [90m 6 |[0m   [33mFileCode2[0m, 
  [90m   |[0m [31m[1m^^^^^^^^^^^^^[0m
[31m[1m>[0m [90m 7 |[0m   [33mPaintbucket[0m, 
  [90m   |[0m [31m[1m^^^^^^^^^^^^^^^[0m
[31m[1m>[0m [90m 8 |[0m   [33mBox[0m, 
  [90m   |[0m [31m[1m^^^^^^^[0m
[31m[1m>[0m [90m 9 |[0m   [33mLayers[0m, 
  [90m   |[0m [31m[1m^^^^^^^^^^[0m
[31m[1m>[0m [90m10 |[0m   [33mWind[0m, 
  [90m   |[0m [31m[1m^^^^^^^^[0m
[31m[1m>[0m [90m11 |[0m   [33mLayoutTemplate[0m, 
  [90m   |[0m [31m[1m^^^^^^^^^^^^^^^^^^[0m
[31m[1m>[0m [90m12 |[0m   [33mNetwork[0m, 
  [90m   |[0m [31m[1m^^^^^^^^^^^[0m
[31m[1m>[0m [90m13 |[0m   [33mServerCog[0m, 
  [90m   |[0m [31m[1m^^^^^^^^^^^^^[0m
[31m[1m>[0m [90m14 |[0m   [33mFormInput[0m, 
  [90m   |[0m [31m[1m^^^^^^^^^^^^^[0m
[31m[1m>[0m [90m15 |[0m   [33mShieldCheck[0m, 
  [90m   |[0m [31m[1m^^^^^^^^^^^^^^^[0m
[31m[1m>[0m [90m16 |[0m   [33mDatabase[0m
  [90m   |[0m [31m[1m^^^^^^^^^^[0m
[31m[1m>[0m [90m17 |[0m } [36mfrom[0m [32m"lucide-react"[0m;
  [90m   |[0m [31m[1m^^^^^^^^^^^^^^^^^^^^^^[0m
  [90m18 |[0m
  [90m19 |[0m [36mconst[0m skills = [
  [90m20 |[0m   { name: [32m"HTML5"[0m, icon: [33mFileCode2[0m, color: [32m"text-[#E34F26]"[0m, border: [32m"hover:border-[#E34F2...[0m

The export Paintbucket was not found in module [project]/node_modules/lucide-react/dist/esm/lucide-react.mjs [app-client] (ecmascript).
Did you mean to import PaintBucket?
All exports of the module are statically known (It doesn't have dynamic exports). So it's known statically that the requested export doesn't exist.

Import trace:
  Server Component:
    ./components/sections/Skills.tsx
    ./app/page.tsx


./components/sections/Skills.tsx:5:1
Export Paintbucket doesn't exist in target module
  [90m 3 |[0m [36mimport[0m { motion } [36mfrom[0m [32m"framer-motion"[0m;
  [90m 4 |[0m [36mimport[0m { [33mSectionHeading[0m } [36mfrom[0m [32m"@/components/ui/SectionHeading"[0m;
[31m[1m>[0m [90m 5 |[0m [36mimport[0m { 
  [90m   |[0m [31m[1m^^^^^^^^[0m
[31m[1m>[0m [90m 6 |[0m   [33mFileCode2[0m, 
  [90m   |[0m [31m[1m^^^^^^^^^^^^^[0m
[31m[1m>[0m [90m 7 |[0m   [33mPaintbucket[0m, 
  [90m   |[0m [31m[1m^^^^^^^^^^^^^^^[0m
[31m[1m>[0m [90m 8 |[0m   [33mBox[0m, 
  [90m   |[0m [31m[1m^^^^^^^[0m
[31m[1m>[0m [90m 9 |[0m   [33mLayers[0m, 
  [90m   |[0m [31m[1m^^^^^^^^^^[0m
[31m[1m>[0m [90m10 |[0m   [33mWind[0m, 
  [90m   |[0m [31m[1m^^^^^^^^[0m
[31m[1m>[0m [90m11 |[0m   [33mLayoutTemplate[0m, 
  [90m   |[0m [31m[1m^^^^^^^^^^^^^^^^^^[0m
[31m[1m>[0m [90m12 |[0m   [33mNetwork[0m, 
  [90m   |[0m [31m[1m^^^^^^^^^^^[0m
[31m[1m>[0m [90m13 |[0m   [33mServerCog[0m, 
  [90m   |[0m [31m[1m^^^^^^^^^^^^^[0m
[31m[1m>[0m [90m14 |[0m   [33mFormInput[0m, 
  [90m   |[0m [31m[1m^^^^^^^^^^^^^[0m
[31m[1m>[0m [90m15 |[0m   [33mShieldCheck[0m, 
  [90m   |[0m [31m[1m^^^^^^^^^^^^^^^[0m
[31m[1m>[0m [90m16 |[0m   [33mDatabase[0m
  [90m   |[0m [31m[1m^^^^^^^^^^[0m
[31m[1m>[0m [90m17 |[0m } [36mfrom[0m [32m"lucide-react"[0m;
  [90m   |[0m [31m[1m^^^^^^^^^^^^^^^^^^^^^^[0m
  [90m18 |[0m
  [90m19 |[0m [36mconst[0m skills = [
  [90m20 |[0m   { name: [32m"HTML5"[0m, icon: [33mFileCode2[0m, color: [32m"text-[#E34F26]"[0m, border: [32m"hover:border-[#E34F2...[0m

The export Paintbucket was not found in module [project]/node_modules/lucide-react/dist/esm/lucide-react.mjs [app-ssr] (ecmascript).
Did you mean to import PaintBucket?
All exports of the module are statically known (It doesn't have dynamic exports). So it's known statically that the requested export doesn't exist.

Import trace:
  Server Component:
    ./components/sections/Skills.tsx
    ./app/page.tsx


./components/sections/Hero.tsx:6:1
Export Twitter doesn't exist in target module
  [90m4 |[0m [36mimport[0m { motion } [36mfrom[0m [32m"framer-motion"[0m;
  [90m5 |[0m [36mimport[0m { [33mScene[0m } [36mfrom[0m [32m"@/components/ui/Scene"[0m;
[31m[1m>[0m [90m6 |[0m [36mimport[0m { [33mGithub[0m, [33mLinkedin[0m, [33mTwitter[0m, [33mDownload[0m } [36mfrom[0m [32m"lucide-react"[0m;
  [90m  |[0m [31m[1m^^^^^^^^^^^^^^^^^^^^^^^^^^^^^^^^^^^^^^^^^^^^^^^^^^^^^^^^^^^^^^^^^^^[0m
  [90m7 |[0m
  [90m8 |[0m [36mconst[0m titles = [[32m"Frontend Developer"[0m, [32m"React Specialist"[0m, [32m"UI Engineer"[0m];
  [90m9 |[0m

The export Twitter was not found in module [project]/node_modules/lucide-react/dist/esm/lucide-react.mjs [app-client] (ecmascript).
Did you mean to import Timer?
All exports of the module are statically known (It doesn't have dynamic exports). So it's known statically that the requested export doesn't exist.

Import trace:
  Server Component:
    ./components/sections/Hero.tsx
    ./app/page.tsx


./components/sections/Hero.tsx:6:1
Export Twitter doesn't exist in target module
  [90m4 |[0m [36mimport[0m { motion } [36mfrom[0m [32m"framer-motion"[0m;
  [90m5 |[0m [36mimport[0m { [33mScene[0m } [36mfrom[0m [32m"@/components/ui/Scene"[0m;
[31m[1m>[0m [90m6 |[0m [36mimport[0m { [33mGithub[0m, [33mLinkedin[0m, [33mTwitter[0m, [33mDownload[0m } [36mfrom[0m [32m"lucide-react"[0m;
  [90m  |[0m [31m[1m^^^^^^^^^^^^^^^^^^^^^^^^^^^^^^^^^^^^^^^^^^^^^^^^^^^^^^^^^^^^^^^^^^^[0m
  [90m7 |[0m
  [90m8 |[0m [36mconst[0m titles = [[32m"Frontend Developer"[0m, [32m"React Specialist"[0m, [32m"UI Engineer"[0m];
  [90m9 |[0m

The export Twitter was not found in module [project]/node_modules/lucide-react/dist/esm/lucide-react.mjs [app-ssr] (ecmascript).
Did you mean to import Timer?
All exports of the module are statically known (It doesn't have dynamic exports). So it's known statically that the requested export doesn't exist.

Import trace:
  Server Component:
    ./components/sections/Hero.tsx
    ./app/page.tsx


./components/ui/Footer.tsx:1:1
Export Twitter doesn't exist in target module
[31m[1m>[0m [90m1 |[0m [36mimport[0m { [33mGithub[0m, [33mLinkedin[0m, [33mTwitter[0m, [33mMail[0m } [36mfrom[0m [32m"lucide-react"[0m;
  [90m  |[0m [31m[1m^^^^^^^^^^^^^^^^^^^^^^^^^^^^^^^^^^^^^^^^^^^^^^^^^^^^^^^^^^^^^^^[0m
  [90m2 |[0m
  [90m3 |[0m [36mexport[0m [36mfunction[0m [33mFooter[0m() {
  [90m4 |[0m   [36mconst[0m currentYear = [36mnew[0m [33mDate[0m().getFullYear();

The export Twitter was not found in module [project]/node_modules/lucide-react/dist/esm/lucide-react.mjs [app-rsc] (ecmascript).
Did you mean to import Timer?
All exports of the module are statically known (It doesn't have dynamic exports). So it's known statically that the requested export doesn't exist.

Import trace:
  Server Component:
    ./components/ui/Footer.tsx
    ./app/page.tsx


    at <unknown> (./components/sections/Hero.tsx:6:1)
    at <unknown> (./components/sections/Hero.tsx:6:1)
    at <unknown> (./components/sections/Projects.tsx:6:1)
    at <unknown> (./components/sections/Projects.tsx:6:1)
    at <unknown> (./components/ui/Footer.tsx:1:1)
    at <unknown> (./components/sections/Hero.tsx:6:1)
    at <unknown> (./components/sections/Hero.tsx:6:1)
    at <unknown> (./components/ui/Footer.tsx:1:1)
    at <unknown> (./components/sections/Skills.tsx:5:1)
    at <unknown> (./components/sections/Skills.tsx:5:1)
    at <unknown> (./components/sections/Hero.tsx:6:1)
    at <unknown> (./components/sections/Hero.tsx:6:1)
    at <unknown> (./components/ui/Footer.tsx:1:1)
